06-05 16:06:52.833 3887-4086/? D/ConnectivityService:  sending notification for NetworkRequest [ TRACK_DEFAULT id=1937, [ Capabilities: INTERNET&NOT_RESTRICTED&TRUSTED Unwanted:  Uid: 10096] ]
06-05 16:06:52.833 3887-4074/? D/ConnectivityService: Vpn: getActiveNetworkForUidInternal: 10213, false, false, DISCONNECTED
06-05 16:06:52.833 3887-4086/? D/ConnectivityService: sending notification CALLBACK_CAP_CHANGED for NetworkRequest [ TRACK_DEFAULT id=1937, [ Capabilities: INTERNET&NOT_RESTRICTED&TRUSTED Unwanted:  Uid: 10096] ]
06-05 16:06:52.833 3887-4074/? D/ConnectivityService: isNetworkWithLinkPropertiesBlocked: uid=10213, vpn=DISCONNECTED,false
06-05 16:06:52.833 3887-4074/? D/ConnectivityService: filterNetworkStateForUid() uid: 10213, pid: 3887
06-05 16:06:52.833 3887-4074/? D/ConnectivityService: isNetworkWithLinkPropertiesBlocked: uid=10213, vpn=DISCONNECTED,false
06-05 16:06:52.833 3887-4086/? D/ConnectivityService:  sending notification for NetworkRequest [ TRACK_DEFAULT id=1938, [ Capabilities: INTERNET&NOT_RESTRICTED&TRUSTED Unwanted:  Uid: 10096] ]
06-05 16:06:52.833 3887-4074/? D/ConnectivityService: filterNetworkStateForUid() uid: 10213, pid: 3887, networkInfo: [type: WIFI[], state: CONNECTED/CONNECTED, reason: (unspecified), extra: (none), failover: false, available: true, roaming: false]
06-05 16:06:52.833 3887-4086/? D/ConnectivityService: sending notification CALLBACK_CAP_CHANGED for NetworkRequest [ TRACK_DEFAULT id=1938, [ Capabilities: INTERNET&NOT_RESTRICTED&TRUSTED Unwanted:  Uid: 10096] ]
06-05 16:06:52.833 3887-4074/? D/ConnectivityService: filterNetworkStateForUid() uid: 10031, pid: 3887
06-05 16:06:52.833 3887-4074/? D/ConnectivityService: isNetworkWithLinkPropertiesBlocked: uid=10031, vpn=DISCONNECTED,false
06-05 16:06:52.833 3887-4074/? D/ConnectivityService: filterNetworkStateForUid() uid: 10031, pid: 3887, networkInfo: [type: WIFI[], state: CONNECTED/CONNECTED, reason: (unspecified), extra: (none), failover: false, available: true, roaming: false]
06-05 16:06:52.833 3887-4086/? D/ConnectivityService:  sending notification for NetworkRequest [ LISTEN id=1939, [ Capabilities: INTERNET&NOT_RESTRICTED&TRUSTED Unwanted:  Uid: 10096] ]
06-05 16:06:52.833 3887-4074/? D/ConnectivityService: filterNetworkStateForUid() uid: 10031, pid: 3887
06-05 16:06:52.833 3887-4074/? D/ConnectivityService: isNetworkWithLinkPropertiesBlocked: uid=10031, vpn=DISCONNECTED,false
06-05 16:06:52.833 3887-4086/? D/ConnectivityService: sending notification CALLBACK_CAP_CHANGED for NetworkRequest [ LISTEN id=1939, [ Capabilities: INTERNET&NOT_RESTRICTED&TRUSTED Unwanted:  Uid: 10096] ]
06-05 16:06:52.833 3887-4074/? D/ConnectivityService: filterNetworkStateForUid() uid: 10031, pid: 3887, networkInfo: [type: WIFI[], state: CONNECTED/CONNECTED, reason: (unspecified), extra: (none), failover: false, available: true, roaming: false]
06-05 16:06:52.833 3887-4074/? D/ConnectivityService: Vpn: getActiveNetworkForUidInternal: 10253, false, false, DISCONNECTED
06-05 16:06:52.833 3887-4074/? D/ConnectivityService: isNetworkWithLinkPropertiesBlocked: uid=10253, vpn=DISCONNECTED,false
06-05 16:06:52.833 3887-4086/? D/ConnectivityService:  sending notification for NetworkRequest [ TRACK_DEFAULT id=1946, [ Capabilities: INTERNET&NOT_RESTRICTED&TRUSTED Unwanted:  Uid: 10057] ]
06-05 16:06:52.833 3887-4086/? D/ConnectivityService: s
06-05 16:06:52.833 3887-4086/? D/ConnectivityService: ending notification CALLBACK_CAP_CHANGED for NetworkRequest [ TRACK_DEFAULT id=1946, [ Capabilities: INTERNET&NOT_RESTRICTED&TRUSTED Unwanted:  Uid: 10057] ]
06-05 16:06:52.833 3887-4074/? D/ConnectivityService: filterNetworkStateForUid() uid: 10253, pid: 3887
06-05 16:06:52.833 3887-4074/? D/ConnectivityService: isNetworkWithLinkPropertiesBlocked: uid=10253, vpn=DISCONNECTED,false
06-05 16:06:52.833 3887-4074/? D/ConnectivityService: filterNetworkStateForUid() uid: 10253, pid: 3887, networkInfo: [type: WIFI[], state: CONNECTED/CONNECTED, reason: (unspecified), extra: (none), failover: false, available: true, roaming: false]
06-05 16:06:52.833 3887-4086/? D/ConnectivityService:  sending notification for NetworkRequest [ LISTEN id=1947, [ Capabilities: INTERNET&NOT_RESTRICTED&TRUSTED Unwanted:  Uid: 10057] ]
06-05 16:06:52.833 3887-4074/? D/ConnectivityService: filterNetworkStateForUid() uid: 10191, pid: 3887
06-05 16:06:52.833 3887-4074/? D/ConnectivityService: isNetworkWithLinkPropertiesBlocked: uid=10191, vpn=DISCONNECTED,false
06-05 16:06:52.834 3887-4086/? D/ConnectivityService: sending notification CALLBACK_CAP_CHANGED for NetworkRequest [ LISTEN id=1947, [ Capabilities: INTERNET&NOT_RESTRICTED&TRUSTED Unwanted:  Uid: 10057] ]
06-05 16:06:52.834 3887-4074/? D/ConnectivityService: filterNetworkStateForUid() uid: 10191, pid: 3887, networkInfo: [type: WIFI[], state: CONNECTED/CONNECTED, reason: (unspecified), extra: (none), failover: false, available: true, roaming: false]
06-05 16:06:52.834 3887-4074/? D/ConnectivityService: Vpn: getActiveNetworkForUidInternal: 10208, false, false, DISCONNECTED
06-05 16:06:52.834 3887-4074/? D/ConnectivityService: isNetworkWithLinkPropertiesBlocked: uid=10208, vpn=DISCONNECTED,false
06-05 16:06:52.834 3887-4086/? D/ConnectivityService:  sending notification for NetworkRequest [ TRACK_DEFAULT id=2003, [ Capabilities: INTERNET&NOT_RESTRICTED&TRUSTED Unwanted:  Uid: 10096] ]
06-05 16:06:52.834 3887-4074/? D/ConnectivityService: Vpn: getActiveNetworkForUidInternal: 10224, false, false, DISCONNECTED
06-05 16:06:52.834 3887-4074/? D/ConnectivityService: isNetworkWithLinkPropertiesBlocked: uid=10224, vpn=DISCONNECTED,false
06-05 16:06:52.834 3887-4086/? D/ConnectivityService: sending notification CALLBACK_CAP_CHANGED for NetworkRequest [ TRACK_DEFAULT id=2003, [ Capabilities: INTERNET&NOT_RESTRICTED&TRUSTED Unwanted:  Uid: 10096] ]
06-05 16:06:52.834 3887-4074/? D/ConnectivityService: Vpn: getActiveNetworkForUidInternal: 10158, false, false, DISCONNECTED
06-05 16:06:52.834 3887-4074/? D/ConnectivityService: isNetworkWithLinkPropertiesBlocked: uid=10158, vpn=DISCONNECTED,false
06-05 16:06:52.834 3887-4086/? D/ConnectivityService:  sending notification for NetworkRequest [ LISTEN id=2004, [ Capabilities: INTERNET&NOT_RESTRICTED&TRUSTED Unwanted:  Uid: 10096] ]
06-05 16:06:52.834 3887-4074/? D/ConnectivityService: filterNetworkStateForUid() uid: 10142, pid: 3887
06-05 16:06:52.834 3887-4074/? D/ConnectivityService: isNetworkWithLinkPropertiesBlocked: uid=10142, vpn=DISCONNECTED,false
06-05 16:06:52.834 3887-4086/? D/ConnectivityService: sending notification CALLBACK_CAP_CHANGED for NetworkRequest [ LISTEN id=2004, [ Capabilities: INTERNET&NOT_RESTRICTED&TRUSTED Unwanted:  Uid: 10096] ]
06-05 16:06:52.834 3887-4074/? D/ConnectivityService: filterNetworkStateForUid() uid: 10142, pid: 3887, networkInfo: [type: WIFI[], state: CONNECTED/CONNECTED, reason: (unspecified), extra: (none), failover: false, available: true, roaming: false]
06-05 16:06:52.834 3887-4074/? D/ConnectivityService: Vpn: getActiveNetworkForUidInternal: 10204, false, false, DISCONNECTED
06-05 16:06:52.834 3887-4074/? D/ConnectivityService: isNetworkWithLinkPropertiesBlocked: uid=10204, vpn=DISCONNECTED,false
06-05 16:06:52.834 3887-4086/? D/ConnectivityService:  sending notification for NetworkRequest [ TRACK_DEFAULT id=2064, [ Capabilities: INTERNET&NOT_RESTRICTED&TRUSTED Unwanted:  Uid: 10206] ]
06-05 16:06:52.834 3887-4086/? D/ConnectivityService: sending notification CALLBACK_CAP_CHANGED for NetworkRequest [ TRACK_DEFAULT id=2064, [ Capabilities: INTERNET&NOT_RESTRICTED&TRUSTED Unwanted:  Uid: 10206] ]
06-05 16:06:52.834 3887-4074/? D/ConnectivityService: filterNetworkStateForUid() uid: 10031, pid: 3887
06-05 16:06:52.834 3887-4074/? D/ConnectivityService: isNetworkWithLinkPropertiesBlocked: uid=10031, vpn=DISCONNECTED,false
06-05 16:06:52.834 3887-4074/? D/ConnectivityService: filterNetworkStateForUid() uid: 10031, pid: 3887, networkInfo: [type: WIFI[], state: CONNECTED/CONNECTED, reason: (unspecified), extra: (none), failover: false, available: true, roaming: false]
06-05 16:06:52.834 3887-4074/? D/ConnectivityService: Vpn: getActiveNetworkForUidInternal: 10236, false, false, DISCONNECTED
06-05 16:06:52.834 3887-4074/? D/ConnectivityService: isNetworkWithLinkPropertiesBlocked: uid=10236, vpn=DISCONNECTED,false
06-05 16:06:52.834 3887-4086/? D/ConnectivityService:  sending notification for NetworkRequest [ TRACK_DEFAULT id=2066, [ Capabilities: INTERNET&NOT_RESTRICTED&TRUSTED Unwanted:  Uid: 10206] ]
06-05 16:06:52.834 3887-4074/? D/ConnectivityService: filterNetworkStateForUid() uid: 10156, pid: 3887
06-05 16:06:52.834 3887-4086/? D/ConnectivityService: sending notification CALLBACK_CAP_CHANGED for NetworkRequest [ TRACK_DEFAULT id=2066, [ Capabilities: INTERNET&NOT_RESTRICTED&TRUSTED Unwanted:  Uid: 10206] ]
06-05 16:06:52.834 3887-4074/? D/ConnectivityService: isNetworkWithLinkPropertiesBlocked: uid=10156, vpn=DISCONNECTED,false
06-05 16:06:52.835 3887-4074/? D/ConnectivityService: filterNetworkStateForUid() uid: 10156, pid: 3887, networkInfo: [type: WIFI[], state: CONNECTED/CONNECTED, reason: (unspecified), extra: (none), failover: false, available: true, roaming: false]
06-05 16:06:52.835 3887-4074/? D/ConnectivityService: Vpn: getActiveNetworkForUidInternal: 10225, false, false, DISCONNECTED
06-05 16:06:52.835 3887-4086/? D/ConnectivityService:  sending notification for NetworkRequest [ TRACK_DEFAULT id=2067, [ Capabilities: INTERNET&NOT_RESTRICTED&TRUSTED Unwanted:  Uid: 10206] ]
06-05 16:06:52.835 3887-4074/? D/ConnectivityService: isNetworkWithLinkPropertiesBlocked: uid=10225, vpn=DISCONNECTED,false
06-05 16:06:52.835 3887-4086/? D/ConnectivityService: sending notification CALLBACK_CAP_CHANGED for NetworkRequest [ TRACK_DEFAULT id=2067, [ Capabilities: INTERNET&NOT_RESTRICTED&TRUSTED Unwanted:  Uid: 10206] ]
06-05 16:06:52.835 3887-4074/? D/ConnectivityService: Vpn: getActiveNetworkForUidInternal: 10236, false, false, DISCONNECTED
06-05 16:06:52.835 3887-4074/? D/ConnectivityService: isNetworkWithLinkPropertiesBlocked: uid=10236, vpn=DISCONNECTED,false
06-05 16:06:52.835 3887-4086/? D/ConnectivityService:  sending notification for NetworkRequest [ LISTEN id=2068, [ Capabilities: INTERNET&NOT_RESTRICTED&TRUSTED Unwanted:  Uid: 10206] ]
06-05 16:06:52.835 3887-4074/? D/ConnectivityService: Vpn: getActiveNetworkForUidInternal: 10202, false, false, DISCONNECTED
06-05 16:06:52.835 3887-4074/? D/ConnectivityService: isNetworkWithLinkPropertiesBlocked: uid=10202, vpn=DISCONNECTED,false
06-05 16:06:52.835 3887-4086/? D/ConnectivityService: sending notification CALLBACK_CAP_CHANGED for NetworkRequest [ LISTEN id=2068, [ Capabilities: INTERNET&NOT_RESTRICTED&TRUSTED Unwanted:  Uid: 10206] ]
06-05 16:06:52.835 3887-4074/? D/ConnectivityService: filterNetworkStateForUid() uid: 10096, pid: 3887
06-05 16:06:52.835 3887-4074/? D/ConnectivityService: isNetworkWithLinkPropertiesBlocked: uid=10096, vpn=DISCONNECTED,false
06-05 16:06:52.835 3887-4086/? D/ConnectivityService:  sending notification for NetworkRequest [ TRACK_DEFAULT id=2069, [ Capabilities: INTERNET&NOT_RESTRICTED&TRUSTED Unwanted:  Uid: 10206] ]
06-05 16:06:52.835 3887-4074/? D/ConnectivityService: filterNetworkStateForUid() uid: 10096, pid: 3887, networkInfo: [type: WIFI[], state: CONNECTED/CONNECTED, reason: (unspecified), extra: (none), failover: false, available: true, roaming: false]
06-05 16:06:52.835 3887-4086/? D/ConnectivityService: sending notification CALLBACK_CAP_CHANGED for NetworkRequest [ TRACK_DEFAULT id=2069, [ Capabilities: INTERNET&NOT_RESTRICTED&TRUSTED Unwanted:  Uid: 10206] ]
06-05 16:06:52.835 3887-4074/? D/ConnectivityService: Vpn: getActiveNetworkForUidInternal: 10208, false, false, DISCONNECTED
06-05 16:06:52.835 3887-4074/? D/ConnectivityService: isNetworkWithLinkPropertiesBlocked: uid=10208, vpn=DISCONNECTED,false
06-05 16:06:52.835 3887-4086/? D/ConnectivityService:  sending notification for NetworkRequest [ TRACK_DEFAULT id=2083, [ Capabilities: INTERNET&NOT_RESTRICTED&TRUSTED Unwanted:  Uid: 10206] ]
06-05 16:06:52.835 3887-4074/? D/ConnectivityService: filterNetworkStateForUid() uid: 10142, pid: 3887
06-05 16:06:52.835 3887-4074/? D/ConnectivityService: isNetworkWithLinkPropertiesBlocked: uid=10142, vpn=DISCONNECTED,false
06-05 16:06:52.835 3887-4086/? D/ConnectivityService: sending notification CALLBACK_CAP_CHANGED for NetworkRequest [ TRACK_DEFAULT id=2083, [ Capabilities: INTERNET&NOT_RESTRICTED&TRUSTED Unwanted:  Uid: 10206] ]
06-05 16:06:52.835 3887-4074/? D/ConnectivityService: filterNetworkStateForUid() uid: 10142, pid: 3887, networkInfo: [type: WIFI[], state: CONNECTED/CONNECTED, reason: (unspecified), extra: (none), failover: false, available: true, roaming: false]
06-05 16:06:52.835 3887-4074/? D/ConnectivityService: Vpn: getActiveNetworkForUidInternal: 10158, false, false, DISCONNECTED
06-05 16:06:52.835 3887-4074/? D/ConnectivityService: isNetworkWithLinkPropertiesBlocked: uid=10158, vpn=DISCONNECTED,false
06-05 16:06:52.835 3887-4086/? D/ConnectivityService:  sending notification for NetworkRequest [ TRACK_DEFAULT id=2085, [ Capabilities: INTERNET&NOT_RESTRICTED&TRUSTED Unwanted:  Uid: 10124] ]
06-05 16:06:52.836 3887-4074/? D/ConnectivityService: filterNetworkStateForUid() uid: 10096, pid: 3887
06-05 16:06:52.836 3887-4074/? D/ConnectivityService: isNetworkWithLinkPropertiesBlocked: uid=10096, vpn=DISCONNECTED,false
06-05 16:06:52.836 3887-4086/? D/ConnectivityService: sending notification CALLBACK_CAP_CHANGED for NetworkRequest [ TRACK_DEFAULT id=2085, [ Capabilities: INTERNET&NOT_RESTRICTED&TRUSTED Unwanted:  Uid: 10124] ]
06-05 16:06:52.836 3887-4074/? D/ConnectivityService: filterNetworkStateForUid() uid: 10096, pid: 3887, networkInfo: [type: WIFI[], state: CONNECTED/CONNECTED, reason: (unspecified), extra: (none), failover: false, available: true, roaming: false]
06-05 16:06:52.836 3887-4074/? D/ConnectivityService: filterNetworkStateForUid() uid: 10191, pid: 3887
06-05 16:06:52.836 3887-4074/? D/ConnectivityService: isNetworkWithLinkPropertiesBlocked: uid=10191, vpn=DISCONNECTED,false
06-05 16:06:52.836 3887-4074/? D/ConnectivityService: filterNetworkStateForUid() uid: 10191, pid: 3887, networkInfo: [type: WIFI[], state: CONNECTED/CONNECTED, reason: (unspecified), extra: (none), failover: false, available: true, roaming: false]
06-05 16:06:52.836 3887-4074/? D/ConnectivityService: filterNetworkStateForUid() uid: 10096, pid: 3887
06-05 16:06:52.836 3887-4697/? D/ConnectivityService: filterNetworkStateForUid() uid: 10031, pid: 25258
06-05 16:06:52.836 3887-4074/? D/ConnectivityService: isNetworkWithLinkPropertiesBlocked: uid=10096, vpn=DISCONNECTED,false
06-05 16:06:52.836 3887-4697/? D/ConnectivityService: isNetworkWithLinkPropertiesBlocked: uid=10031, vpn=DISCONNECTED,false
06-05 16:06:52.836 3887-4074/? D/ConnectivityService: filterNetworkStateForUid() uid: 10096, pid: 3887, networkInfo: [type: WIFI[], state: CONNECTED/CONNECTED, reason: (unspecified), extra: (none), failover: false, available: true, roaming: false]
06-05 16:06:52.836 3887-4074/? D/ConnectivityService: filterNetworkStateForUid() uid: 10096, pid: 3887
06-05 16:06:52.836 3887-4074/? D/ConnectivityService: isNetworkWithLinkPropertiesBlocked: uid=10096, vpn=DISCONNECTED,false
06-05 16:06:52.836 3887-4074/? D/ConnectivityService: filterNetworkStateForUid() uid: 10096, pid: 3887, networkInfo: [type: WIFI[], state: CONNECTED/CONNECTED, reason: (unspecified), extra: (none), failover: false, available: true, roaming: false]
06-05 16:06:52.836 3887-4074/? D/ConnectivityService: Vpn: getActiveNetworkForUidInternal: 10054, false, false, DISCONNECTED
06-05 16:06:52.836 3887-4074/? D/ConnectivityService: isNetworkWithLinkPropertiesBlocked: uid=10054, vpn=DISCONNECTED,false
06-05 16:06:52.836 3887-4086/? D/ConnectivityService:  sending notification for NetworkRequest [ LISTEN id=2086, [ Capabilities: INTERNET&NOT_RESTRICTED&TRUSTED Unwanted:  Uid: 10124] ]
06-05 16:06:52.836 3887-4697/? D/ConnectivityService: filterNetworkStateForUid() uid: 10031, pid: 25258, networkInfo: [type: WIFI[], state: CONNECTED/CONNECTED, reason: (unspecified), extra: (none), failover: false, available: true, roaming: false]
06-05 16:06:52.836 3887-4086/? D/ConnectivityService: sending notification CALLBACK_CAP_CHANGED for NetworkRequest [ LISTEN id=2086, [ Capabilities: INTERNET&NOT_RESTRICTED&TRUSTED Unwanted:  Uid: 10124] ]
06-05 16:06:52.836 3887-6266/? D/ConnectivityService: filterNetworkStateForUid() uid: 10031, pid: 25365
06-05 16:06:52.836 3887-6266/? D/ConnectivityService: isNetworkWithLinkPropertiesBlocked: uid=10031, vpn=DISCONNECTED,false
06-05 16:06:52.836 3887-4086/? D/ConnectivityService:  sending notification for NetworkRequest [ TRACK_DEFAULT id=2088, [ Capabilities: INTERNET&NOT_RESTRICTED&TRUSTED Unwanted:  Uid: 10124] ]
06-05 16:06:52.836 3887-6009/? D/ConnectivityService: filterNetworkStateForUid() uid: 10096, pid: 11336
06-05 16:06:52.836 3887-4086/? D/ConnectivityService: sending notification CALLBACK_CAP_CHANGED for NetworkRequest [ TRACK_DEFAULT id=2088, [ Capabilities: INTERNET&NOT_RESTRICTED&TRUSTED Unwanted:  Uid: 10124] ]
06-05 16:06:52.837 3887-6009/? D/ConnectivityService: isNetworkWithLinkPropertiesBlocked: uid=10096, vpn=DISCONNECTED,false
06-05 16:06:52.837 3887-6266/? D/ConnectivityService: filterNetworkStateForUid() uid: 10031, pid: 25365, networkInfo: [type: WIFI[], state: CONNECTED/CONNECTED, reason: (unspecified), extra: (none), failover: false, available: true, roaming: false]
06-05 16:06:52.837 3887-4086/? D/ConnectivityService:  sending notification for NetworkRequest [ LISTEN id=2089, [ Capabilities: INTERNET&NOT_RESTRICTED&TRUSTED Unwanted:  Uid: 10124] ]
06-05 16:06:52.837 3887-4086/? D/ConnectivityService: sending notification CALLBACK_CAP_CHANGED for NetworkRequest [ LISTEN id=2089, [ Capabilities: INTERNET&NOT_RESTRICTED&TRUSTED Unwanted:  Uid: 10124] ]
06-05 16:06:52.837 3887-6009/? D/ConnectivityService: filterNetworkStateForUid() uid: 10096, pid: 11336, networkInfo: [type: WIFI[], state: CONNECTED/CONNECTED, reason: (unspecified), extra: (none), failover: false, available: true, roaming: false]
06-05 16:06:52.837 3887-4086/? D/ConnectivityService:  sending notification for NetworkRequest [ TRACK_DEFAULT id=2096, [ Capabilities: INTERNET&NOT_RESTRICTED&TRUSTED Unwanted:  Uid: 10124] ]
06-05 16:06:52.837 3887-4086/? D/ConnectivityService: sending notification CALLBACK_CAP_CHANGED for NetworkRequest [ TRACK_DEFAULT id=2096, [ Capabilities: INTERNET&NOT_RESTRICTED&TRUSTED Unwanted:  Uid: 10124] ]
06-05 16:06:52.837 3887-4086/? D/ConnectivityService:  sending notification for NetworkRequest [ TRACK_DEFAULT id=2105, [ Capabilities: INTERNET&NOT_RESTRICTED&TRUSTED Unwanted:  Uid: 10219] ]
06-05 16:06:52.837 3887-4086/? D/ConnectivityService: sending notification CALLBACK_CAP_CHANGED for NetworkRequest [ TRACK_DEFAULT id=2105, [ Capabilities: INTERNET&NOT_RESTRICTED&TRUSTED Unwanted:  Uid: 10219] ]
06-05 16:06:52.837 3887-4086/? D/ConnectivityService:  sending notification for NetworkRequest [ TRACK_DEFAULT id=2106, [ Capabilities: INTERNET&NOT_RESTRICTED&TRUSTED Unwanted:  Uid: 10191] ]
06-05 16:06:52.837 3887-4086/? D/ConnectivityService: sending notification CALLBACK_CAP_CHANGED for NetworkRequest [ TRACK_DEFAULT id=2106, [ Capabilities: INTERNET&NOT_RESTRICTED&TRUSTED Unwanted:  Uid: 10191] ]
06-05 16:06:52.837 3887-3898/? D/ConnectivityService: filterNetworkStateForUid() uid: 10096, pid: 11336
06-05 16:06:52.837 3887-3898/? D/ConnectivityService: isNetworkWithLinkPropertiesBlocked: uid=10096, vpn=DISCONNECTED,false
06-05 16:06:52.838 3887-4086/? D/ConnectivityService:  sending notification for NetworkRequest [ LISTEN id=2107, [ Capabilities: INTERNET&NOT_RESTRICTED&TRUSTED Unwanted:  Uid: 10191] ]
06-05 16:06:52.838 3887-4086/? D/ConnectivityService: sending notification CALLBACK_CAP_CHANGED for NetworkRequest [ LISTEN id=2107, [ Capabilities: INTERNET&NOT_RESTRICTED&TRUSTED Unwanted:  Uid: 10191] ]
06-05 16:06:52.838 3887-4086/? D/ConnectivityService:  sending notification for NetworkRequest [ TRACK_DEFAULT id=2108, [ Capabilities: INTERNET&NOT_RESTRICTED&TRUSTED Unwanted:  Uid: 10191] ]
06-05 16:06:52.838 3887-3898/? D/ConnectivityService: filterNetworkStateForUid() uid: 10096, pid: 11336, networkInfo: [type: WIFI[], state: CONNECTED/CONNECTED, reason: (unspecified), extra: (none), failover: false, available: true, roaming: false]
06-05 16:06:52.838 3887-4086/? D/ConnectivityService: sending notification CALLBACK_CAP_CHANGED for NetworkRequest [ TRACK_DEFAULT id=2108, [ Capabilities: INTERNET&NOT_RESTRICTED&TRUSTED Unwanted:  Uid: 10191] ]
06-05 16:06:52.838 3887-4086/? D/ConnectivityService:  sending notification for NetworkRequest [ TRACK_DEFAULT id=2109, [ Capabilities: INTERNET&NOT_RESTRICTED&TRUSTED Unwanted:  Uid: 10191] ]
06-05 16:06:52.839 3887-6266/? D/ConnectivityService: filterNetworkStateForUid() uid: 10191, pid: 28375
06-05 16:06:52.839 3887-6266/? D/ConnectivityService: isNetworkWithLinkPropertiesBlocked: uid=10191, vpn=DISCONNECTED,false
06-05 16:06:52.839 3887-6266/? D/ConnectivityService: filterNetworkStateForUid() uid: 10191, pid: 28375, networkInfo: [type: WIFI[], state: CONNECTED/CONNECTED, reason: (unspecified), extra: (none), failover: false, available: true, roaming: false]
06-05 16:06:52.840 3887-4074/? D/ConnectivityService: filterNetworkStateForUid() uid: 10054, pid: 3887
06-05 16:06:52.840 3887-4074/? D/ConnectivityService: isNetworkWithLinkPropertiesBlocked: uid=10054, vpn=DISCONNECTED,false
06-05 16:06:52.840 3887-4074/? D/ConnectivityService: filterNetworkStateForUid() uid: 10054, pid: 3887, networkInfo: [type: WIFI[], state: CONNECTED/CONNECTED, reason: (unspecified), extra: (none), failover: false, available: true, roaming: false]
06-05 16:06:52.841 3887-6009/? D/ConnectivityService: filterNetworkStateForUid() uid: 10206, pid: 24560
06-05 16:06:52.841 3887-6009/? D/ConnectivityService: isNetworkWithLinkPropertiesBlocked: uid=10206, vpn=DISCONNECTED,false
06-05 16:06:52.841 3887-4074/? D/ConnectivityService: Vpn: getActiveNetworkForUidInternal: 10318, false, false, DISCONNECTED
06-05 16:06:52.841 3887-6009/? D/ConnectivityService: filterNetworkStateForUid() uid: 10206, pid: 24560, networkInfo: [type: WIFI[], state: CONNECTED/CONNECTED, reason: (unspecified), extra: (none), failover: false, available: true, roaming: false]
06-05 16:06:52.841 3887-4074/? D/ConnectivityService: isNetworkWithLinkPropertiesBlocked: uid=10318, vpn=DISCONNECTED,false
06-05 16:06:52.841 3887-4074/? D/ConnectivityService: filterNetworkStateForUid() uid: 10124, pid: 3887
06-05 16:06:52.841 3887-4074/? D/ConnectivityService: isNetworkWithLinkPropertiesBlocked: uid=10124, vpn=DISCONNECTED,false
06-05 16:06:52.842 3887-4074/? D/ConnectivityService: filterNetworkStateForUid() uid: 10124, pid: 3887, networkInfo: [type: WIFI[], state: CONNECTED/CONNECTED, reason: (unspecified), extra: (none), failover: false, available: true, roaming: false]
06-05 16:06:52.842 3887-4074/? D/ConnectivityService: filterNetworkStateForUid() uid: 10031, pid: 3887
06-05 16:06:52.842 3887-4074/? D/ConnectivityService: isNetworkWithLinkPropertiesBlocked: uid=10031, vpn=DISCONNECTED,false
06-05 16:06:52.842 3887-4074/? D/ConnectivityService: filterNetworkStateForUid() uid: 10031, pid: 3887, networkInfo: [type: WIFI[], state: CONNECTED/CONNECTED, reason: (unspecified), extra: (none), failover: false, available: true, roaming: false]
06-05 16:06:52.842 3887-4074/? D/ConnectivityService: filterNetworkStateForUid() uid: 10191, pid: 3887
06-05 16:06:52.842 3887-4074/? D/ConnectivityService: isNetworkWithLinkPropertiesBlocked: uid=10191, vpn=DISCONNECTED,false
06-05 16:06:52.843 3887-4074/? D/ConnectivityService: filterNetworkStateForUid() uid: 10191, pid: 3887, networkInfo: [type: WIFI[], state: CONNECTED/CONNECTED, reason: (unspecified), extra: (none), failover: false, available: true, roaming: false]
06-05 16:06:52.843 3887-4074/? D/ConnectivityService: filterNetworkStateForUid() uid: 10142, pid: 3887
06-05 16:06:52.843 3887-4074/? D/ConnectivityService: isNetworkWithLinkPropertiesBlocked: uid=10142, vpn=DISCONNECTED,false
06-05 16:06:52.844 3887-4400/? D/ConnectivityService: Vpn: getActiveNetworkForUidInternal: 10103, false, false, DISCONNECTED
06-05 16:06:52.844 3887-4400/? D/ConnectivityService: isNetworkWithLinkPropertiesBlocked: uid=10103, vpn=DISCONNECTED,false
06-05 16:06:52.845 3887-6009/? D/ConnectivityService: filterNetworkStateForUid() uid: 10124, pid: 25395
06-05 16:06:52.845 3887-6009/? D/ConnectivityService: isNetworkWithLinkPropertiesBlocked: uid=10124, vpn=DISCONNECTED,false
06-05 16:06:52.845 3887-4074/? D/ConnectivityService: filterNetworkStateForUid() uid: 10142, pid: 3887, networkInfo: [type: WIFI[], state: CONNECTE
06-05 16:06:52.845 3887-4074/? D/ConnectivityService: D/CONNECTED, reason: (unspecified), extra: (none), failover: false, available: true, roaming: false]
06-05 16:06:52.845 3887-4074/? D/ConnectivityService: filterNetworkStateForUid() uid: 10219, pid: 3887
06-05 16:06:52.849 6077-6220/? I/Carnival-NetworkErrorManager(): onAvailable
06-05 16:06:52.851 6077-6220/? I/Carnival-NetworkErrorManager(): onNetworkRecovered
06-05 16:06:52.851 6077-6220/? I/Carnival-SamsungAccountManager(): onNetworkRecovered
06-05 16:06:52.873 4257-4257/? I/StackScroller: ADJUST STACK.TRANSLATION
06-05 16:06:52.877 3887-4400/? D/ConnectivityService: filterNetworkStateForUid() uid: 10206, pid: 24560
06-05 16:06:52.877 3887-4400/? D/ConnectivityService: isNetworkWithLinkPropertiesBlocked: uid=10206, vpn=DISCONNECTED,false
06-05 16:06:52.880 3887-4074/? D/ConnectivityService: isNetworkWithLinkPropertiesBlocked: uid=10031, vpn=DISCONNECTED,false
06-05 16:06:52.880 3887-4074/? D/ConnectivityService: filterNetworkStateForUid() uid: 10031, pid: 3887, networkInfo: [type: WIFI[], state: CONNECTED/CONNECTED, reason: (unspecified), extra: (none), failover: false, available: true, roaming: false]
06-05 16:06:52.880 3887-4074/? D/ConnectivityService: filterNetworkStateForUid() uid: 10057, pid: 3887
06-05 16:06:52.880 3887-4074/? D/ConnectivityService: isNetworkWithLinkPropertiesBlocked: uid=10057, vpn=DISCONNECTED,false
06-05 16:06:52.881 3887-4074/? D/ConnectivityService: filterNetworkStateForUid() uid: 10057, pid: 3887, networkInfo: [type: WIFI[], state: CONNECTED/CONNECTED, reason: (unspecified), extra: (none), failover: false, available: true, roaming: false]
06-05 16:06:52.881 3887-4074/? D/ConnectivityService: filterNetworkStateForUid() uid: 10031, pid: 3887
06-05 16:06:52.881 3887-4074/? D/ConnectivityService: isNetworkWithLinkPropertiesBlocked: uid=10031, vpn=DISCONNECTED,false
06-05 16:06:52.881 3887-4074/? D/ConnectivityService: filterNetworkStateForUid() uid: 10031, pid: 3887, networkInfo: [type: WIFI[], state: CONNECTED/CONNECTED, reason: (unspecified), extra: (none), failover: false, available: true, roaming: false]
06-05 16:06:52.882 3887-4074/? D/ConnectivityService: Vpn: getActiveNetworkForUidInternal: 10218, false, false, DISCONNECTED
06-05 16:06:52.882 3887-4074/? D/ConnectivityService: isNetworkWithLinkPropertiesBlocked: uid=10218, vpn=DISCONNECTED,false
06-05 16:06:52.882 3887-4074/? D/ConnectivityService: Vpn: getActiveNetworkForUidInternal: 10067, false, false, DISCONNECTED
06-05 16:06:52.882 3887-4074/? D/ConnectivityService: isNetworkWithLinkPropertiesBlocked: uid=10067, vpn=DISCONNECTED,false
06-05 16:06:52.882 3887-4074/? D/ConnectivityService: filterNetworkStateForUid() uid: 10067, pid: 3887
06-05 16:06:52.882 3887-4074/? D/ConnectivityService: isNetworkWithLinkPropertiesBlocked: uid=10067, vpn=DISCONNECTED,false
06-05 16:06:52.883 3887-4074/? D/ConnectivityService: filterNetworkStateForUid() uid: 10067, pid: 3887, networkInfo: [type: WIFI[], state: CONNECTED/CONNECTED, reason: (unspecified), extra: (none), failover: false, available: true, roaming: false]
06-05 16:06:52.883 3887-4074/? D/ConnectivityService: Vpn: getActiveNetworkForUidInternal: 10204, false, false, DISCONNECTED
06-05 16:06:52.883 3887-4074/? D/ConnectivityService: isNetworkWithLinkPropertiesBlocked: uid=10204, vpn=DISCONNECTED,false
06-05 16:06:52.885 3887-4400/? D/ConnectivityService: filterNetworkStateForUid() uid: 10206, pid: 24560, networkInfo: [type: WIFI[], state: CONNECTED/CONNECTED, reason: (unspecified), extra: (none), failover: false, available: true, roaming: false]
06-05 16:06:52.885 3887-4086/? D/ConnectivityService: sending notification CALLBACK_CAP_CHANGED for NetworkRequest [ TRACK_DEFAULT id=2142, [ Capabilities: INTERNET&NOT_RESTRICTED&TRUSTED Unwanted:  Uid: 10329] ]
06-05 16:06:52.885 3887-4086/? D/ConnectivityService:  sending notification for NetworkRequest [ TRACK_DEFAULT id=2143, [ Capabilities: INTERNET&NOT_RESTRICTED&TRUSTED Unwanted:  Uid: 10329] ]
06-05 16:06:52.885 3887-4086/? D/ConnectivityService: sending notification CALLBACK_CAP_CHANGED for NetworkRequest [ TRACK_DEFAULT id=2143, [ Capabilities: INTERNET&NOT_RESTRICTED&TRUSTED Unwanted:  Uid: 10329] ]
06-05 16:06:52.887 3887-4086/? D/ConnectivityService:  sending notification for NetworkRequest [ TRACK_DEFAULT id=2144, [ Capabilities: INTERNET&NOT_RESTRICTED&TRUSTED Unwanted:  Uid: 10158] ]
06-05 16:06:52.888 3887-4086/? D/ConnectivityService: sending notification CALLBACK_CAP_CHANGED for NetworkRequest [ TRACK_DEFAULT id=2144, [ Capabilities: INTERNET&NOT_RESTRICTED&TRUSTED Unwanted:  Uid: 10158] ]
06-05 16:06:52.889 3887-4086/? D/ConnectivityService:  sending notification for NetworkRequest [ TRACK_DEFAULT id=2145, [ Capabilities: INTERNET&NOT_RESTRICTED&TRUSTED Unwanted:  Uid: 10158] ]
06-05 16:06:52.889 3887-4086/? D/ConnectivityService: sending notification CALLBACK_CAP_CHANGED for NetworkRequest [ TRACK_DEFAULT id=2145, [ Capabilities: INTERNET&NOT_RESTRICTED&TRUSTED Unwanted:  Uid: 10158] ]
06-05 16:06:52.889 3887-4086/? D/ConnectivityService:  sending notification for NetworkRequest [ LISTEN id=2146, [ Capabilities: INTERNET&NOT_RESTRICTED&TRUSTED Unwanted:  Uid: 10158] ]
06-05 16:06:52.890 3887-4086/? D/ConnectivityService: sending notification CALLBACK_CAP_CHANGED for NetworkRequest [ LISTEN id=2146, [ Capabilities: INTERNET&NOT_RESTRICTED&TRUSTED Unwanted:  Uid: 10158] ]
06-05 16:06:52.891 3887-4086/? D/ConnectivityService:  sending notification for NetworkRequest [ TRACK_DEFAULT id=2148, [ Capabilities: INTERNET&NOT_RESTRICTED&TRUSTED Unwanted:  Uid: 10191] ]
06-05 16:06:52.891 3887-4086/? D/ConnectivityService: sending notification CALLBACK_CAP_CHANGED for NetworkRequest [ TRACK_DEFAULT id=2148, [ Capabilities: INTERNET&NOT_RESTRICTED&TRUSTED Unwanted:  Uid: 10191] ]
06-05 16:06:52.895 3887-4074/? D/ConnectivityService: filterNetworkStateForUid() uid: 10031, pid: 3887
06-05 16:06:52.895 3887-4074/? D/ConnectivityService: isNetworkWithLinkPropertiesBlocked: uid=10031, vpn=DISCONNECTED,false
06-05 16:06:52.895 3887-4074/? D/ConnectivityService: filterNetworkStateForUid() uid: 10031, pid: 3887, networkInfo: [type: WIFI[], state: CONNECTED/CONNECTED, reason: (unspecified), extra: (none), failover: false, available: true, roaming: false]
06-05 16:06:52.895 3887-4074/? D/ConnectivityService: filterNetworkStateForUid() uid: 10156, pid: 3887
06-05 16:06:52.896 3887-4074/? D/ConnectivityService: isNetworkWithLinkPropertiesBlocked: uid=10156, vpn=DISCONNECTED,false
06-05 16:06:52.896 3887-4074/? D/ConnectivityService: filterNetworkStateForUid() uid: 10156, pid: 3887, networkInfo: [type: WIFI[], state: CONNECTED/CONNECTED, reason: (unspecified), extra: (none), failover: false, available: true, roaming: false]
06-05 16:06:52.896 3887-4074/? D/ConnectivityService: [ 06-05 16:06:52.896  388
06-05 16:06:52.896 3887-4074/? D/ConnectivityService: 7: 4074 D/ConnectivityService ]
06-05 16:06:52.896 3887-4074/? D/ConnectivityService: filterNetworkStateForUid() uid: 10096, pid: 3887
06-05 16:06:52.896 3887-4697/? D/ConnectivityService: filterNetworkStateForUid() uid: 10158, pid: 1192
06-05 16:06:52.896 3887-4074/? D/ConnectivityService: isNetworkWithLinkPropertiesBlocked: uid=10096, vpn=DISCONNECTED,false
06-05 16:06:52.896 3887-4697/? D/ConnectivityService: isNetworkWithLinkPropertiesBlocked: uid=10158, vpn=DISCONNECTED,false
06-05 16:06:52.896 3887-4697/? D/ConnectivityService: filterNetworkStateForUid() uid: 10158, pid: 1192, networkInfo: [type: WIFI[], state: DISCONNECTED/BLOCKED, reason: (unspecified), extra: (none), failover: false, available: true, roaming: false]
06-05 16:06:52.896 3887-4074/? D/ConnectivityService: filterNetworkStateForUid() uid: 10096, pid: 3887, networkInfo: [type: WIFI[], state: CONNECTED/CONNECTED, reason: (unspecified), extra: (none), failover: false, available: true, roaming: false]
06-05 16:06:52.897 3887-4074/? D/ConnectivityService: filterNetworkStateForUid() uid: 10096, pid: 3887
06-05 16:06:52.897 3887-4074/? D/ConnectivityService: isNetworkWithLinkPropertiesBlocked: uid=10096, vpn=DISCONNECTED,false
06-05 16:06:52.897 3887-4074/? D/ConnectivityService: filterNetworkStateForUid() uid: 10096, pid: 3887, networkInfo: [type: WIFI[], state: CONNECTED/CONNECTED, reason: (unspecified), extra: (none), failover: false, available: true, roaming: false]
06-05 16:06:52.897 3887-4074/? D/ConnectivityService: Vpn: getActiveNetworkForUidInternal: 10158, false, false, DISCONNECTED
06-05 16:06:52.898 3887-4197/? D/ConnectivityService: filterNetworkStateForUid() uid: 10158, pid: 1192
06-05 16:06:52.898 3887-4197/? D/ConnectivityService: isNetworkWithLinkPropertiesBlocked: uid=10158, vpn=DISCONNECTED,false
06-05 16:06:52.899 3887-4197/? D/ConnectivityService: filterNetworkStateForUid() uid: 10158, pid: 1192, networkInfo: [type: WIFI[], state: DISCONNECTED/BLOCKED, reason: (unspecified), extra: (none), failover: false, available: true, roaming: false]
06-05 16:06:52.903 3887-4197/? D/ConnectivityService: Vpn: getActiveNetworkForUidInternal: 10158, false, false, DISCONNECTED
06-05 16:06:52.903 3887-4197/? D/ConnectivityService: isNetworkWithLinkPropertiesBlocked: uid=10158, vpn=DISCONNECTED,false
06-05 16:06:52.879 4257-4257/? I/chatty: uid=10045(com.samsung.android.app.aodservice) com.android.systemui identical 1 line
06-05 16:06:52.879 4257-4257/? I/StackScroller: ADJUST STACK.TRANSLATION
06-05 16:06:52.903 4257-4257/? D/swipe: !isFreemformEnabled
06-05 16:06:52.904 3887-3898/? D/ConnectivityService: filterNetworkStateForUid() uid: 10329, pid: 1726
06-05 16:06:52.904 3887-3898/? D/ConnectivityService: isNetworkWithLinkPropertiesBlocked: uid=10329, vpn=DISCONNECTED,false
06-05 16:06:52.904 3887-3898/? D/ConnectivityService: filterNetworkStateForUid() uid: 10329, pid: 1726, networkInfo: [type: WIFI[], state: DISCONNECTED/BLOCKED, reason: (unspecified), extra: (none), failover: false, available: true, roaming: false]
06-05 16:06:52.906 3887-4571/? D/ConnectivityService: Vpn: getActiveNetworkForUidInternal: 10329, false, false, DISCONNECTED
06-05 16:06:52.906 3887-4571/? D/ConnectivityService: isNetworkWithLinkPropertiesBlocked: uid=10329, vpn=DISCONNECTED,false
06-05 16:06:52.897 3887-4074/? D/ConnectivityService: isNetworkWithLinkPropertiesBlocked: uid=10158, vpn=DISCONNECTED,false
06-05 16:06:52.910 3887-4074/? D/ConnectivityService: Vpn: getActiveNetworkForUidInternal: 10158, false, false, DISCONNECTED
06-05 16:06:52.910 3887-4074/? D/ConnectivityService: isNetworkWithLinkPropertiesBlocked: uid=10158, vpn=DISCONNECTED,false
06-05 16:06:52.910 3887-4074/? D/ConnectivityService: Vpn: getActiveNetworkForUidInternal: 10158, false, false, DISCONNECTED
06-05 16:06:52.910 3887-4074/? D/ConnectivityService: isNetworkWithLinkPropertiesBlocked: uid=10158, vpn=DISCONNECTED,false
06-05 16:06:52.911 3887-4074/? D/ConnectivityService: filterNetworkStateForUid() uid: 10253, pid: 3887
06-05 16:06:52.911 3887-4074/? D/ConnectivityService: isNetworkWithLinkPropertiesBlocked: uid=10253, vpn=DISCONNECTED,false
06-05 16:06:52.911 3887-4074/? D/ConnectivityService: filterNetworkStateForUid() uid: 10253, pid: 3887, networkInfo: [type: WIFI[], state: CONNECTED/CONNECTED, reason: (unspecified), extra: (none), failover: false, available: true, roaming: false]
06-05 16:06:52.911 3887-4074/? D/ConnectivityService: filterNetworkStateForUid() uid: 10054, pid: 3887
06-05 16:06:52.911 3887-4074/? D/ConnectivityService: isNetworkWithLinkPropertiesBlocked: uid=10054, vpn=DISCONNECTED,false
06-05 16:06:52.912 3887-4074/? D/ConnectivityService: filterNetworkStateForUid() uid: 10054, pid: 3887, networkInfo: [type: WIFI[], state: CONNECTED/CONNECTED, reason: (unspecified), extra: (none), failover: false, available: true, roaming: false]
06-05 16:06:52.912 3887-4074/? D/ConnectivityService: Vpn: getActiveNetworkForUidInternal: 10135, false, false, DISCONNECTED
06-05 16:06:52.912 3887-4074/? D/ConnectivityService: isNetworkWithLinkPropertiesBlocked: uid=10135, vpn=DISCONNECTED,false
06-05 16:06:52.912 3887-4074/? D/ConnectivityService: filterNetworkStateForUid() uid: 10124, pid: 3887
06-05 16:06:52.912 3887-4074/? D/ConnectivityService: isNetworkWithLinkPropertiesBlocked: uid=10124, vpn=DISCONNECTED,false
06-05 16:06:52.913 3887-4074/? D/ConnectivityService: filterNetworkStateForUid() uid: 10124, pid: 3887, networkInfo: [type: WIFI[], state: CONNECTED/CONNECTED, reason: (unspecified), extra: (none), failover: false, available: true, roaming: false]
06-05 16:06:52.913 3887-4074/? D/ConnectivityService: filterNetworkStateForUid() uid: 10156, pid: 3887
06-05 16:06:52.913 3887-4074/? D/ConnectivityService: isNetworkWithLinkPropertiesBlocked: uid=10156, vpn=DISCONNECTED,false
06-05 16:06:52.913 3887-4074/? D/ConnectivityService: filterNetworkStateForUid() uid: 10156, pid: 3887, networkInfo: [type: WIFI[], state: CONNECTED/CONNECTED, reason: (unspecified), extra: (none), failover: false, available: true, roaming: false]
06-05 16:06:52.913 3887-4074/? D/ConnectivityService: filterNetworkStateForUid() uid: 10156, pid: 3887
06-05 16:06:52.913 3887-4074/? D/ConnectivityService: isNetworkWithLinkPropertiesBlocked: uid=10156, vpn=DISCONNECTED,false
06-05 16:06:52.914 3887-4074/? D/ConnectivityService: filterNetworkStateForUid() uid: 10156, pid: 3887, networkInfo: [type: WIFI[], state: CONNECTED/CONNECTED, reason: (unspecified), extra: (none), failover: false, available: true, roaming: false]
06-05 16:06:52.914 3887-4074/? D/ConnectivityService: filterNetworkStateForUid() uid: 10031, pid: 3887
06-05 16:06:52.914 3887-4074/? D/ConnectivityService: isNetworkWithLinkPropertiesBlocked: uid=10031, vpn=DISCONNECTED,false
06-05 16:06:52.917 3887-4074/? D/ConnectivityService: filterNetworkStateForUid() uid: 10031, pid: 3887, networkInfo: [type: WIFI[], state: CONNECTED/CONNECTED, reason: (unspecified), extra: (none), failover: false, available: true, roaming: false]
06-05 16:06:52.917 3887-4074/? D/ConnectivityService: filterNetworkStateForUid() uid: 10054, pid: 3887
06-05 16:06:52.917 3887-4074/? D/ConnectivityService: isNetworkWithLinkPropertiesBlocked: uid=10054, vpn=DISCONNECTED,false
06-05 16:06:52.918 3887-4074/? D/ConnectivityService: filterNetworkStateForUid() uid: 10054, pid: 3887, networkInfo: [type: WIFI[], state: CONNECTED/CONNECTED, reason: (unspecified), extra: (none), failover: false, available: true, roaming: false]
06-05 16:06:52.918 3887-4074/? D/ConnectivityService: filterNetworkStateForUid() uid: 10191, pid: 3887
06-05 16:06:52.918 3887-4074/? D/ConnectivityService: isNetworkWithLinkPropertiesBlocked: uid=10191, vpn=DISCONNECTED,false
06-05 16:06:52.918 3887-4074/? D/ConnectivityService: filterNetworkStateForUid() uid: 10191, pid: 3887, networkInfo: [type: WIFI[], state: CONNECTED/CONNECTED, reason: (unspecified), extra: (none), failover: false, available: true, roaming: false]
06-05 16:06:52.918 3887-4074/? D/ConnectivityService: Vpn: getActiveNetworkForUidInternal: 10329, false, false, DISCONNECTED
06-05 16:06:52.919 3887-4074/? D/ConnectivityService: isNetworkWithLinkPropertiesBlocked: uid=10329, vpn=DISCONNECTED,false
06-05 16:06:52.919 3887-4074/? D/ConnectivityService: Vpn: getActiveNetworkForUidInternal: 10311, false, false, DISCONNECTED
06-05 16:06:52.919 3887-4074/? D/ConnectivityService: isNetworkWithLinkPropertiesBlocked: uid=10311, vpn=DISCONNECTED,false
06-05 16:06:52.919 3887-4074/? D/ConnectivityService: Vpn: getActiveNetworkForUidInternal: 10329, false, false, DISCONNECTED
06-05 16:06:52.920 3887-4074/? D/ConnectivityService: isNetworkWithLinkPropertiesBlocked: uid=10329, vpn=DISCONNECTED,false
06-05 16:06:52.920 3887-4074/? D/ConnectivityService: Vpn: getActiveNetworkForUidInternal: 10268, false, false, DISCONNECTED
06-05 16:06:52.920 3887-4074/? D/ConnectivityService: isNetworkWithLinkPropertiesBlocked: uid=10268, vpn=DISCONNECTED,false
06-05 16:06:52.920 3887-4074/? D/ConnectivityService: Vpn: getActiveNetworkForUidInternal: 10228, false, false, DISCONNECTED
06-05 16:06:52.920 3887-4074/? D/ConnectivityService: isNetworkWithLinkPropertiesBlocked: uid=10228, vpn=DISCONNECTED,false
06-05 16:06:52.921 3887-4074/? D/ConnectivityService: Vpn: getActiveNetworkForUidInternal: 10202, false, false, DISCONNECTED
06-05 16:06:52.921 3887-4074/? D/ConnectivityService: isNetworkWithLinkPropertiesBlocked: uid=10202, vpn=DISCONNECTED,false
06-05 16:06:52.921 3887-4074/? D/ConnectivityService: filterNetworkStateForUid() uid: 10096, pid: 3887
06-05 16:06:52.921 3887-4074/? D/ConnectivityService: isNetworkWithLinkPropertiesBlocked: uid=10096, vpn=DISCONNECTED,false
06-05 16:06:52.921 3887-4074/? D/ConnectivityService: filterNetworkStateForUid() uid: 10096, pid: 3887, networkInfo: [type: WIFI[], state: CONNECTED/CONNECTED, reason: (unspecified), extra: (none), failover: false, available: true, roaming: false]
06-05 16:06:52.922 3887-3898/? D/ConnectivityService: filterNetworkStateForUid() uid: 10329, pid: 1726
06-05 16:06:52.922 3887-4074/? D/ConnectivityService: filterNetworkStateForUid() uid: 10096, pid: 3887
06-05 16:06:52.922 3887-3898/? D/ConnectivityService: isNetworkWithLinkPropertiesBlocked: uid=10329, vpn=DISCONNECTED,false
06-05 16:06:52.922 3887-4074/? D/ConnectivityService: filterNetworkStateForUid() uid: 10096, pid: 3887, networkInfo: [type: WIFI[], state: CONNECTED/CONNECTED, reason: (unspecified), extra: (none), failover: false, available: true, roaming: false]
06-05 16:06:52.922 3887-4074/? D/ConnectivityService: filterNetworkStateForUid() uid: 10096, pid: 3887
06-05 16:06:52.922 3887-4074/? D/ConnectivityService: isNetworkWithLinkPropertiesBlocked: uid=10096, vpn=DISCONNECTED,false
06-05 16:06:52.923 3887-4074/? D/ConnectivityService: filterNetworkStateForUid() uid: 10096, pid: 3887, networkInfo: [type: WIFI[], state: CONNECTED/CONNECTED, reason: (unspecified), extra: (none), failover: false, available: true, roaming: false]
06-05 16:06:52.923 3887-4074/? D/ConnectivityService: Vpn: getActiveNetworkForUidInternal: 10221, false, false, DISCONNECTED
06-05 16:06:52.923 3887-4074/? D/ConnectivityService: isNetworkWithLinkPropertiesBlocked: uid=10221, vpn=DISCONNECTED,false
06-05 16:06:52.923 3887-4074/? D/ConnectivityService: Vpn: getActiveNetworkForUidInternal: 10106, false, false, DISCONNECTED
06-05 16:06:52.923 3887-4074/? D/ConnectivityService: isNetworkWithLinkPropertiesBlocked: uid=10106, vpn=DISCONNECTED,false
06-05 16:06:52.924 3887-4074/? D/ConnectivityService: filterNetworkStateForUid() uid: 10106, pid: 3887
06-05 16:06:52.924 3887-4074/? D/ConnectivityService: isNetworkWithLinkPropertiesBlocked: uid=10106, vpn=DISCONNECTED,false
06-05 16:06:52.924 3887-4074/? D/ConnectivityService: filterNetworkStateForUid() uid: 10106, pid: 3887, networkInfo: [type: WIFI[], state: CONNECTED/CONNECTED, reason: (unspecified), extra: (none), failover: false, available: true, roaming: false]
06-05 16:06:52.924 3887-4074/? D/ConnectivityService: filterNetworkStateForUid() uid: 10096, pid: 3887
06-05 16:06:52.924 3887-4074/? D/ConnectivityService: isNetworkWithLinkPropertiesBlocked: uid=10096, vpn=DISCONNECTED,false
06-05 16:06:52.925 3887-4074/? D/ConnectivityService: filterNetworkStateForUid() uid: 10096, pid: 3887, networkInfo: [type: WIFI[], state: CONNECTED/CONNECTED, reason: (unspecified), extra: (none), failover: false, available: true, roaming: false]
06-05 16:06:52.925 3887-4074/? D/ConnectivityService: filterNetworkStateForUid() uid: 10096, pid: 3887
06-05 16:06:52.925 3887-4074/? D/ConnectivityService: isNetworkWithLinkPropertiesBlocked: uid=10096, vpn=DISCONNECTED,false
06-05 16:06:52.925 3887-4074/? D/ConnectivityService: filterNetworkStateForUid() uid: 10096, pid: 3887, networkInfo: [type: WIFI[], state: CONNECTED/CONNECTED, reason: (unspecified), extra: (none), failover: false, available: true, roaming: false]
06-05 16:06:52.925 3887-4074/? D/ConnectivityService: filterNetworkStateForUid() uid: 10096, pid: 3887
06-05 16:06:52.925 3887-4074/? D/ConnectivityService: isNetworkWithLinkPropertiesBlocked: uid=10096, vpn=DISCONNECTED,false
06-05 16:06:52.926 3887-4074/? D/ConnectivityService: filterNetworkStateForUid() uid: 10096, pid: 3887, networkInfo: [type: WIFI[], state: CONNECTED/CONNECTED, reason: (unspecified), extra: (none), failover: false, available: true, roaming: false]
06-05 16:06:52.926 3887-4074/? D/ConnectivityService: filterNetworkStateForUid() uid: 10198, pid: 3887
06-05 16:06:52.926 3887-4074/? D/ConnectivityService: isNetworkWithLinkPropertiesBlocked: uid=10198, vpn=DISCONNECTED,false
06-05 16:06:52.926 3887-4074/? D/ConnectivityService: filterNetworkStateForUid() uid: 10198, pid: 3887, networkInfo: [type: WIFI[], state: CONNECTED/CONNECTED, reason: (unspecified), extra: (none), failover: false, available: true, roaming: false]
06-05 16:06:52.926 3887-4074/? D/ConnectivityService: filterNetworkStateForUid() uid: 10106, pid: 3887
06-05 16:06:52.927 3887-4074/? D/ConnectivityService: isNetworkWithLinkPropertiesBlocked: uid=10106, vpn=DISCONNECTED,false
06-05 16:06:52.927 3887-4074/? D/ConnectivityService: filterNetworkStateForUid() uid: 10106, pid: 3887, networkInfo: [type: WIFI[], state: CONNECTED/CONNECTED, reason: (unspecified), extra: (none), failover: false, available: true, roaming: false]
06-05 16:06:52.927 3887-4074/? D/ConnectivityService: filterNetworkStateForUid() uid: 10031, pid: 3887
06-05 16:06:52.928 3887-4074/? D/ConnectivityService: isNetworkWithLinkPropertiesBlocked: uid=10031, vpn=DISCONNECTED,false
06-05 16:06:52.929 3887-4074/? D/ConnectivityService: filterNetworkStateForUid() uid: 10031, pid: 3887, networkInfo: [type: WIFI[], state: CONNECTED/CONNECTED, reason: (unspecified), extra: (none), failover: false, available: true, roaming: false]
06-05 16:06:52.929 3887-4074/? D/ConnectivityService: filterNetworkStateForUid() uid: 10031, pid: 3887
06-05 16:06:52.929 3887-4074/? D/ConnectivityService: isNetworkWithLinkPropertiesBlocked: uid=10031, vpn=DISCONNECTED,false
06-05 16:06:52.929 3887-4074/? D/ConnectivityService: filterNetworkStateForUid() uid: 10031, pid: 3887, networkInfo: [type: WIFI[], state: CONNECTED/CONNECTED, reason: (unspecified), extra: (none), failover: false, available: true, roaming: false]
06-05 16:06:52.929 3887-4074/? D/ConnectivityService: filterNetworkStateForUid() uid: 10031, pid: 3887
06-05 16:06:52.930 3887-4074/? D/ConnectivityService: isNetworkWithLinkPropertiesBlocked: uid=10031, vpn=DISCONNECTED,false
06-05 16:06:52.939 3887-4074/? D/ConnectivityService: filterNetworkStateForUid() uid: 10136, pid: 3887
06-05 16:06:52.939 3887-4074/? D/ConnectivityService: isNetworkWithLinkPropertiesBlocked: uid=10136, vpn=DISCONNECTED,false
06-05 16:06:52.940 3887-4074/? D/ConnectivityService: filterNetworkStateForUid() uid: 10136, pid: 3887, networkInfo: [type: WIFI[], state: CONNECTED/CONNECTED, reason: (unspecified), extra: (none), failover: false, available: true, roaming: false]
06-05 16:06:52.940 3887-4074/? D/ConnectivityService: Vpn: getActiveNetworkForUidInternal: 10204, false, false, DISCONNECTED
06-05 16:06:52.940 3887-4074/? D/ConnectivityService: isNetworkWithLinkPropertiesBlocked: uid=10204, vpn=DISCONNECTED,false
06-05 16:06:52.940 3887-4074/? D/ConnectivityService: Vpn: getActiveNetworkForUidInternal: 10225, false, false, DISCONNECTED
06-05 16:06:52.940 3887-4074/? D/ConnectivityService: isNetworkWithLinkPropertiesBlocked: uid=10225, vpn=DISCONNECTED,false
06-05 16:06:52.940 3887-4074/? D/ConnectivityService: Vpn: getActiveNetworkForUidInternal: 10135, false, false, DISCONNECTED
06-05 16:06:52.940 3887-4074/? D/ConnectivityService: isNetworkWithLinkPropertiesBlocked: uid=10135, vpn=DISCONNECTED,false
06-05 16:06:52.940 3887-4074/? D/ConnectivityService: filterNetworkStateForUid() uid: 10031, pid: 3887
06-05 16:06:52.940 3887-4074/? D/ConnectivityService: isNetworkWithLinkPropertiesBlocked: uid=10031, vpn=DISCONNECTED,false
06-05 16:06:52.940 3887-4074/? D/ConnectivityService: filterNetworkStateForUid() uid: 10031, pid: 3887, networkInfo: [type: WIFI[], state: CONNECTED/CONNECTED, reason: (unspecified), extra: (none), failover: false, available: true, roaming: false]
06-05 16:06:52.940 3887-4074/? D/ConnectivityService: filterNetworkStateForUid() uid: 10096, pid: 3887
06-05 16:06:52.940 3887-4074/? D/ConnectivityService: isNetworkWithLinkPropertiesBlocked: uid=10096, vpn=DISCONNECTED,false
06-05 16:06:52.940 3887-4074/? D/ConnectivityService: filterNetworkStateForUid() uid: 10096, pid: 3887, networkInfo: [type: WIFI[], state: CONNECTED/CONNECTED, reason: (unspecified), extra: (none), failover: false, available: true, roaming: false]
06-05 16:06:52.940 3887-4074/? D/ConnectivityService: filterNetworkStateForUid() uid: 10054, pid: 3887
06-05 16:06:52.940 3887-4074/? D/ConnectivityService: isNetworkWithLinkPropertiesBlocked: uid=10054, vpn=DISCONNECTED,false
06-05 16:06:52.940 3887-4074/? D/ConnectivityService: filterNetworkStateForUid() uid: 10054, pid: 3887, networkInfo: [type: WIFI[], state: CONNECTED/CONNECTED, reason: (unspecified), extra: (none), failover: false, available: true, roaming: false]
